[2025-12-30 14:42:36,357] INFO django.utils.autoreload: Watching for file changes with StatReloader
[2025-12-30 14:54:16,044] INFO django.utils.autoreload: Watching for file changes with StatReloader
[2025-12-30 14:57:04,894] INFO django.utils.autoreload: D:\projects\Django Projects\event_ticketing\events\views.py changed, reloading.
[2025-12-30 14:57:05,567] INFO django.utils.autoreload: Watching for file changes with StatReloader
[2025-12-30 14:57:11,987] INFO django.utils.autoreload: Watching for file changes with StatReloader
[2025-12-30 14:57:56,984] INFO django.utils.autoreload: D:\projects\Django Projects\event_ticketing\events\views.py changed, reloading.
[2025-12-30 14:57:57,697] INFO django.utils.autoreload: Watching for file changes with StatReloader
[2025-12-30 14:58:00,395] WARNING django.request: Not Found: /
[2025-12-30 14:58:00,396] WARNING django.server: "GET / HTTP/1.1" 404 2656
[2025-12-30 14:58:00,430] WARNING django.request: Not Found: /favicon.ico
[2025-12-30 14:58:00,430] INFO django.server: - Broken pipe from ('127.0.0.1', 52811)
[2025-12-30 14:58:04,308] INFO django.server: "GET /events/ HTTP/1.1" 200 1119
[2025-12-30 14:58:04,330] WARNING django.server: "GET /static/styles.css HTTP/1.1" 404 1844
[2025-12-30 14:58:07,046] INFO django.server: "GET /events/create/ HTTP/1.1" 200 1313
[2025-12-30 14:58:07,070] WARNING django.request: Not Found: /favicon.ico
[2025-12-30 14:58:07,071] INFO django.server: - Broken pipe from ('127.0.0.1', 52815)
[2025-12-30 14:58:26,436] ERROR django.request: Internal Server Error: /events/event/1/
Traceback (most recent call last):
  File "C:\Users\Elina\.virtualenvs\djangodev\Lib\site-packages\django\db\backends\utils.py", line 105, in _execute
    return self.cursor.execute(sql, params)
           ~~~~~~~~~~~~~~~~~~~^^^^^^^^^^^^^
psycopg2.errors.UndefinedColumn: column events_discountcode.used_count does not exist
LINE 1: ...."valid_until", "events_discountcode"."max_uses", "events_di...
                                                             ^


The above exception was the direct cause of the following exception:

Traceback (most recent call last):
  File "C:\Users\Elina\.virtualenvs\djangodev\Lib\site-packages\django\core\handlers\exception.py", line 55, in inner
    response = get_response(request)
  File "C:\Users\Elina\.virtualenvs\djangodev\Lib\site-packages\django\core\handlers\base.py", line 197, in _get_response
    response = wrapped_callback(request, *callback_args, **callback_kwargs)
  File "D:\projects\Django Projects\event_ticketing\events\views.py", line 36, in event_detail
    return render(request, 'events/event_detail.html', {
        'event': event,
    ...<3 lines>...
        'user_ticket': user_ticket,
    })
  File "C:\Users\Elina\.virtualenvs\djangodev\Lib\site-packages\django\shortcuts.py", line 25, in render
    content = loader.render_to_string(template_name, context, request, using=using)
  File "C:\Users\Elina\.virtualenvs\djangodev\Lib\site-packages\django\template\loader.py", line 62, in render_to_string
    return template.render(context, request)
           ~~~~~~~~~~~~~~~^^^^^^^^^^^^^^^^^^
  File "C:\Users\Elina\.virtualenvs\djangodev\Lib\site-packages\django\template\backends\django.py", line 107, in render
    return self.template.render(context)
           ~~~~~~~~~~~~~~~~~~~~^^^^^^^^^
  File "C:\Users\Elina\.virtualenvs\djangodev\Lib\site-packages\django\template\base.py", line 171, in render
    return self._render(context)
           ~~~~~~~~~~~~^^^^^^^^^
  File "C:\Users\Elina\.virtualenvs\djangodev\Lib\site-packages\django\template\base.py", line 163, in _render
    return self.nodelist.render(context)
           ~~~~~~~~~~~~~~~~~~~~^^^^^^^^^
  File "C:\Users\Elina\.virtualenvs\djangodev\Lib\site-packages\django\template\base.py", line 1016, in render
    return SafeString("".join([node.render_annotated(context) for node in self]))
                               ~~~~~~~~~~~~~~~~~~~~~^^^^^^^^^
  File "C:\Users\Elina\.virtualenvs\djangodev\Lib\site-packages\django\template\base.py", line 977, in render_annotated
    return self.render(context)
           ~~~~~~~~~~~^^^^^^^^^
  File "C:\Users\Elina\.virtualenvs\djangodev\Lib\site-packages\django\template\defaulttags.py", line 327, in render
    return nodelist.render(context)
           ~~~~~~~~~~~~~~~^^^^^^^^^
  File "C:\Users\Elina\.virtualenvs\djangodev\Lib\site-packages\django\template\base.py", line 1016, in render
    return SafeString("".join([node.render_annotated(context) for node in self]))
                               ~~~~~~~~~~~~~~~~~~~~~^^^^^^^^^
  File "C:\Users\Elina\.virtualenvs\djangodev\Lib\site-packages\django\template\base.py", line 977, in render_annotated
    return self.render(context)
           ~~~~~~~~~~~^^^^^^^^^
  File "C:\Users\Elina\.virtualenvs\djangodev\Lib\site-packages\django\template\defaulttags.py", line 326, in render
    if match:
       ^^^^^
  File "C:\Users\Elina\.virtualenvs\djangodev\Lib\site-packages\django\db\models\query.py", line 398, in __bool__
    self._fetch_all()
    ~~~~~~~~~~~~~~~^^
  File "C:\Users\Elina\.virtualenvs\djangodev\Lib\site-packages\django\db\models\query.py", line 1949, in _fetch_all
    self._result_cache = list(self._iterable_class(self))
                         ~~~~^^^^^^^^^^^^^^^^^^^^^^^^^^^^
  File "C:\Users\Elina\.virtualenvs\djangodev\Lib\site-packages\django\db\models\query.py", line 91, in __iter__
    results = compiler.execute_sql(
        chunked_fetch=self.chunked_fetch, chunk_size=self.chunk_size
    )
  File "C:\Users\Elina\.virtualenvs\djangodev\Lib\site-packages\django\db\models\sql\compiler.py", line 1623, in execute_sql
    cursor.execute(sql, params)
    ~~~~~~~~~~~~~~^^^^^^^^^^^^^
  File "C:\Users\Elina\.virtualenvs\djangodev\Lib\site-packages\django\db\backends\utils.py", line 122, in execute
    return super().execute(sql, params)
           ~~~~~~~~~~~~~~~^^^^^^^^^^^^^
  File "C:\Users\Elina\.virtualenvs\djangodev\Lib\site-packages\django\db\backends\utils.py", line 79, in execute
    return self._execute_with_wrappers(
           ~~~~~~~~~~~~~~~~~~~~~~~~~~~^
        sql, params, many=False, executor=self._execute
        ^^^^^^^^^^^^^^^^^^^^^^^^^^^^^^^^^^^^^^^^^^^^^^^
    )
    ^
  File "C:\Users\Elina\.virtualenvs\djangodev\Lib\site-packages\django\db\backends\utils.py", line 92, in _execute_with_wrappers
    return executor(sql, params, many, context)
  File "C:\Users\Elina\.virtualenvs\djangodev\Lib\site-packages\django\db\backends\utils.py", line 100, in _execute
    with self.db.wrap_database_errors:
         ^^^^^^^^^^^^^^^^^^^^^^^^^^^^
  File "C:\Users\Elina\.virtualenvs\djangodev\Lib\site-packages\django\db\utils.py", line 91, in __exit__
    raise dj_exc_value.with_traceback(traceback) from exc_value
  File "C:\Users\Elina\.virtualenvs\djangodev\Lib\site-packages\django\db\backends\utils.py", line 105, in _execute
    return self.cursor.execute(sql, params)
           ~~~~~~~~~~~~~~~~~~~^^^^^^^^^^^^^
django.db.utils.ProgrammingError: column events_discountcode.used_count does not exist
LINE 1: ...."valid_until", "events_discountcode"."max_uses", "events_di...
                                                             ^

[2025-12-30 14:58:26,444] ERROR django.server: "GET /events/event/1/ HTTP/1.1" 500 179595
[2025-12-30 14:58:33,445] WARNING django.request: Not Found: /favicon.ico
[2025-12-30 14:58:33,446] INFO django.server: - Broken pipe from ('127.0.0.1', 52823)
[2025-12-30 15:00:04,674] INFO django.utils.autoreload: D:\projects\Django Projects\event_ticketing\events\models.py changed, reloading.
[2025-12-30 15:00:05,395] INFO django.utils.autoreload: Watching for file changes with StatReloader
[2025-12-30 15:00:53,399] INFO django.utils.autoreload: Watching for file changes with StatReloader
[2025-12-30 15:00:54,481] WARNING django.request: Not Found: /
[2025-12-30 15:00:54,482] WARNING django.server: "GET / HTTP/1.1" 404 2656
[2025-12-30 15:00:54,511] WARNING django.request: Not Found: /favicon.ico
[2025-12-30 15:00:54,512] INFO django.server: - Broken pipe from ('127.0.0.1', 52869)
[2025-12-30 15:00:59,229] INFO django.server: "GET /events/ HTTP/1.1" 200 1119
[2025-12-30 15:00:59,254] WARNING django.server: "GET /static/styles.css HTTP/1.1" 404 1844
[2025-12-30 15:01:01,190] INFO django.server: "GET /events/create/ HTTP/1.1" 200 1155
[2025-12-30 15:01:01,216] WARNING django.request: Not Found: /favicon.ico
[2025-12-30 15:01:01,217] INFO django.server: - Broken pipe from ('127.0.0.1', 52874)
[2025-12-30 15:01:06,389] INFO django.server: "GET /events/event/1/ HTTP/1.1" 200 760
[2025-12-30 15:01:14,193] INFO django.server: "GET /events/event/1/create_discount/ HTTP/1.1" 200 934
[2025-12-30 15:01:18,469] INFO django.server: "GET /events/ HTTP/1.1" 200 1119
[2025-12-30 15:01:18,491] WARNING django.server: "GET /static/styles.css HTTP/1.1" 404 1844
